// Vitest Snapshot v1, https://vitest.dev/guide/snapshot.html

exports[`Model: map format from server to expected client model > should map GraphQL response to client model for StopPlace 1`] = `
{
  "accessibilityAssessment": {
    "limitations": {
      "audibleSignalsAvailable": "UNKNOWN",
      "escalatorFreeAccess": "UNKNOWN",
      "liftFreeAccess": "UNKNOWN",
      "stepFreeAccess": "UNKNOWN",
      "visualSignsAvailable": "UNKNOWN",
      "wheelchairAccess": "UNKNOWN",
    },
  },
  "adjacentSites": undefined,
  "alternativeNames": [],
  "belongsToGroup": false,
  "entityType": "STOP_PLACE",
  "fareZones": [],
  "groups": [],
  "hasExpired": false,
  "id": "NSR:StopPlace:933",
  "importedId": [],
  "isActive": true,
  "isFuture": false,
  "keyValues": [],
  "location": [
    60.260427,
    5.435734,
  ],
  "name": "Aspestrand",
  "parentTopographicPlace": "Østfold",
  "parking": [],
  "permanentlyTerminated": false,
  "permissions": {
    "canEdit": true,
  },
  "quays": [
    {
      "accessibilityAssessment": {
        "limitations": {
          "audibleSignalsAvailable": "UNKNOWN",
          "escalatorFreeAccess": "UNKNOWN",
          "liftFreeAccess": "UNKNOWN",
          "stepFreeAccess": "UNKNOWN",
          "visualSignsAvailable": "UNKNOWN",
          "wheelchairAccess": "UNKNOWN",
        },
      },
      "boardingPositions": [],
      "compassBearing": 344,
      "description": "",
      "facilities": [
        {
          "mobileFacilityList": [
            "tactileGuidanceStrips",
          ],
        },
      ],
      "id": "NSR:Quay:1694",
      "importedId": [],
      "keyValues": [],
      "location": [
        60.260427,
        5.435734,
      ],
      "publicCode": "1",
    },
    {
      "accessibilityAssessment": {
        "limitations": {
          "audibleSignalsAvailable": "UNKNOWN",
          "escalatorFreeAccess": "UNKNOWN",
          "liftFreeAccess": "UNKNOWN",
          "stepFreeAccess": "UNKNOWN",
          "visualSignsAvailable": "UNKNOWN",
          "wheelchairAccess": "UNKNOWN",
        },
      },
      "boardingPositions": [],
      "compassBearing": 164,
      "description": "",
      "facilities": [],
      "id": "NSR:Quay:1695",
      "importedId": [],
      "keyValues": [],
      "location": [
        60.260427,
        5.435734,
      ],
      "publicCode": "2",
    },
  ],
  "stopPlaceType": "onstreetBus",
  "submode": null,
  "tags": [],
  "tariffZones": [],
  "topographicPlace": "Aremark",
  "transportMode": null,
  "url": null,
  "validBetween": {
    "fromDate": "2017-05-26T14:52:10.096+0200",
    "toDate": null,
  },
  "version": 1,
  "weighting": null,
}
`;

exports[`Model: map format from server to expected client model > should map client stop to schema correctly 1`] = `
{
  "accessibilityAssessment": {
    "limitations": {
      "audibleSignalsAvailable": "UNKNOWN",
      "escalatorFreeAccess": "UNKNOWN",
      "liftFreeAccess": "UNKNOWN",
      "stepFreeAccess": "UNKNOWN",
      "visualSignsAvailable": "UNKNOWN",
      "wheelchairAccess": "UNKNOWN",
    },
  },
  "adjacentSites": undefined,
  "alternativeNames": [],
  "description": {
    "lang": "nor",
    "value": "Beskrivelse",
  },
  "id": "NSR:StopPlace:19744",
  "keyValues": [],
  "legacyCoordinates": [
    [
      11.170963,
      59.587427,
    ],
  ],
  "localServices": null,
  "name": {
    "lang": "nor",
    "value": "Aspelundsveien",
  },
  "placeEquipments": null,
  "privateCode": {
    "value": "private",
  },
  "publicCode": "public",
  "quays": [
    {
      "accessibilityAssessment": undefined,
      "compassBearing": 212,
      "description": null,
      "facilities": [
        {
          "mobileFacilityList": [
            "tactileGuidanceStrips",
          ],
        },
      ],
      "geometry": {
        "legacyCoordinates": [
          [
            11.17094,
            59.587486,
          ],
        ],
        "type": "Point",
      },
      "id": "NSR:Quay:30025",
      "keyValues": [],
      "placeEquipments": null,
      "privateCode": {
        "value": "",
      },
      "publicCode": null,
    },
    {
      "accessibilityAssessment": undefined,
      "compassBearing": 38,
      "description": null,
      "facilities": undefined,
      "geometry": {
        "legacyCoordinates": [
          [
            11.170986,
            59.587368,
          ],
        ],
        "type": "Point",
      },
      "id": "NSR:Quay:30026",
      "keyValues": [],
      "placeEquipments": null,
      "privateCode": {
        "value": "",
      },
      "publicCode": null,
    },
  ],
  "stopPlaceType": "onstreetBus",
  "submode": null,
  "tariffZones": [],
  "transportMode": null,
  "url": null,
  "weighting": null,
}
`;

exports[`Model: map format from server to expected client model > should map parking to schema validated query variables 1`] = `
[
  {
    "geometry": {
      "legacyCoordinates": [
        [
          11.088595,
          63.207698,
        ],
      ],
      "type": "Point",
    },
    "name": {
      "lang": "nor",
      "value": "park&ride example",
    },
    "parentSiteRef": "NSR:StopPlace:1",
    "parkingVehicleTypes": [
      "car",
    ],
    "totalCapacity": 100,
    "validBetween": null,
  },
]
`;
